
> homey_backend@0.0.1 build
> nest build

node.exe : 
[96msrc/auth/auth.module.ts[0m:[93m17[0m:[93m7[0m - 
[91merror[0m[90m TS2322: [0mType '(configService: 
ConfigService) => Promise<{ secret: string | undefined; 
signOptions: { expiresIn: string; }; }>' is not assignable to 
type '(...args: any[]) => JwtModuleOptions | 
Promise<JwtModuleOptions>'.
At C:\Program Files\nodejs\npm.ps1:29 char:3
+   & $NODE_EXE $NPM_CLI_JS $args
+   ~~~~~~~~~~~~~~~~~~~~~~~~~~~~~
    + CategoryInfo          : NotSpecified: ([96msrc/auth/a. 
   ..oduleOptions>'.:String) [], RemoteException
    + FullyQualifiedErrorId : NativeCommandError
 
  Type 'Promise<{ secret: string | undefined; signOptions: { 
expiresIn: string; }; }>' is not assignable to type 
'JwtModuleOptions | Promise<JwtModuleOptions>'.
    Type 'Promise<{ secret: string | undefined; signOptions: 
{ expiresIn: string; }; }>' is not assignable to type 
'Promise<JwtModuleOptions>'.
      Type '{ secret: string | undefined; signOptions: { 
expiresIn: string; }; }' is not assignable to type 
'JwtModuleOptions'.
        The types of 'signOptions.expiresIn' are incompatible 
between these types.
          Type 'string' is not assignable to type 'number | 
StringValue | undefined'.

[7m17[0m       useFactory: async (configService: 
ConfigService) => ({
[7m  [0m [91m      ~~~~~~~~~~[0m

  [96mnode_modules/@nestjs/jwt/dist/interfaces/jwt-module-opt
ions.interface.d.ts[0m:[93m24[0m:[93m5[0m
    [7m24[0m     useFactory?: (...args: any[]) => 
Promise<JwtModuleOptions> | JwtModuleOptions;
    [7m  [0m [96m    ~~~~~~~~~~[0m
    The expected type comes from property 'useFactory' which 
is declared here on type 'JwtModuleAsyncOptions'
[96msrc/auth/strategies/jwt.strategy.ts[0m:[93m9[0m:[93m1
1[0m - [91merror[0m[90m TS2345: [0mArgument of type '[{ 
jwtFromRequest: JwtFromRequestFunction<any>; 
ignoreExpiration: false; secretOrKey: string | undefined; }]' 
is not assignable to parameter of type '[opt: 
StrategyOptionsWithRequest] | [opt: 
StrategyOptionsWithoutRequest]'.
  Type '[{ jwtFromRequest: JwtFromRequestFunction<any>; 
ignoreExpiration: false; secretOrKey: string | undefined; }]' 
is not assignable to type '[opt: 
StrategyOptionsWithoutRequest]'.
    Type '{ jwtFromRequest: JwtFromRequestFunction<any>; 
ignoreExpiration: false; secretOrKey: string | undefined; }' 
is not assignable to type 'StrategyOptionsWithoutRequest'.
      Type '{ jwtFromRequest: JwtFromRequestFunction<any>; 
ignoreExpiration: false; secretOrKey: string | undefined; }' 
is not assignable to type 'Omit<WithSecretOrKey, 
"secretOrKeyProvider"> & { passReqToCallback?: false | 
undefined; }'.
        Type '{ jwtFromRequest: JwtFromRequestFunction<any>; 
ignoreExpiration: false; secretOrKey: string | undefined; }' 
is not assignable to type 'Omit<WithSecretOrKey, 
"secretOrKeyProvider">'.
          Types of property 'secretOrKey' are incompatible.
            Type 'string | undefined' is not assignable to 
type 'string | Buffer<ArrayBufferLike>'.
              Type 'undefined' is not assignable to type 
'string | Buffer<ArrayBufferLike>'.

[7m  9[0m     super({
[7m   [0m [91m          ~[0m
[7m 10[0m       jwtFromRequest: 
ExtractJwt.fromAuthHeaderAsBearerToken(),
[7m   [0m [91m~~~~~~~~~~~~~~~~~~~~~~~~~~~~~~~~~~~~~~~~~~~~~
~~~~~~~~~~~~~~~~~~[0m
[7m...[0m 
[7m 12[0m       secretOrKey: 
configService.get<string>('JWT_SECRET'),
[7m   [0m [91m~~~~~~~~~~~~~~~~~~~~~~~~~~~~~~~~~~~~~~~~~~~~~
~~~~~~~~~~~~~~[0m
[7m 13[0m     });
[7m   [0m [91m~~~~~[0m
[96msrc/chefs/chefs.module.ts[0m:[93m2[0m:[93m10[0m - 
[91merror[0m[90m TS2300: [0mDuplicate identifier 
'ChefsService'.

[7m2[0m import { ChefsService } from './chefs.service';
[7m [0m [91m         ~~~~~~~~~~~~[0m
[96msrc/chefs/chefs.module.ts[0m:[93m3[0m:[93m10[0m - 
[91merror[0m[90m TS2300: [0mDuplicate identifier 
'ChefsController'.

[7m3[0m import { ChefsController } from 
'./chefs.controller';
[7m [0m [91m         ~~~~~~~~~~~~~~~[0m
[96msrc/chefs/chefs.module.ts[0m:[93m4[0m:[93m10[0m - 
[91merror[0m[90m TS2300: [0mDuplicate identifier 
'ChefsController'.

[7m4[0m import { ChefsController } from 
'./chefs.controller';
[7m [0m [91m         ~~~~~~~~~~~~~~~[0m
[96msrc/chefs/chefs.module.ts[0m:[93m5[0m:[93m10[0m - 
[91merror[0m[90m TS2300: [0mDuplicate identifier 
'ChefsService'.

[7m5[0m import { ChefsService } from './chefs.service';
[7m [0m [91m         ~~~~~~~~~~~~[0m
[96msrc/delivery/delivery.service.ts[0m:[93m23[0m:[93m9[
0m - [91merror[0m[90m TS2353: [0mObject literal may only 
specify known properties, and 'delivery_partner_id' does not 
exist in type 'Without<DeliveryCreateInput, 
DeliveryUncheckedCreateInput> & DeliveryUncheckedCreateInput'.

[7m23[0m         delivery_partner_id: deliveryPartnerId || 
'PENDING_PARTNER',
[7m  [0m [91m        ~~~~~~~~~~~~~~~~~~~[0m

  [96mnode_modules/.prisma/client/index.d.ts[0m:[93m14797[
0m:[93m5[0m
    [7m14797[0m     data: XOR<DeliveryCreateInput, 
DeliveryUncheckedCreateInput>
    [7m     [0m [96m    ~~~~[0m
    The expected type comes from property 'data' which is 
declared here on type '{ select?: DeliverySelect<DefaultArgs> 
| null | undefined; omit?: DeliveryOmit<DefaultArgs> | null | 
undefined; include?: DeliveryInclude<...> | ... 1 more ... | 
undefined; data: (Without<...> & 
DeliveryUncheckedCreateInput) | (Without<...> & 
DeliveryCreateInput); }'
[96msrc/delivery/delivery.service.ts[0m:[93m41[0m:[93m62
[0m - [91merror[0m[90m TS2353: [0mObject literal may only 
specify known properties, and 'address' does not exist in 
type 'UserSelect<DefaultArgs>'.

[7m41[0m             chef: { include: { user: { select: { 
name: true, address: true } } } },
[7m  [0m [91m                                              
               ~~~~~~~[0m
[96msrc/meals/meals.service.ts[0m:[93m56[0m:[93m9[0m - 
[91merror[0m[90m TS18047: [0m'meal' is possibly 'null'.

[7m56[0m     if (meal.chef_id !== chefId) {
[7m  [0m [91m        ~~~~[0m
[96msrc/meals/meals.service.ts[0m:[93m63[0m:[93m39[0m - 
[91merror[0m[90m TS18047: [0m'meal' is possibly 'null'.

[7m63[0m       const diff = data.slots_total - 
meal.slots_total;
[7m  [0m [91m                                      ~~~~[0m
[96msrc/meals/meals.service.ts[0m:[93m64[0m:[93m30[0m - 
[91merror[0m[90m TS18047: [0m'meal' is possibly 'null'.

[7m64[0m       data.slots_remaining = meal.slots_remaining 
+ diff;
[7m  [0m [91m                             ~~~~[0m
[96msrc/meals/meals.service.ts[0m:[93m75[0m:[93m9[0m - 
[91merror[0m[90m TS18047: [0m'meal' is possibly 'null'.

[7m75[0m     if (meal.chef_id !== chefId) {
[7m  [0m [91m        ~~~~[0m
[96msrc/orders/orders.service.ts[0m:[93m17[0m:[93m29[0m 
- [91merror[0m[90m TS2551: [0mProperty 'daily_meal' does 
not exist on type 'Omit<PrismaClient<PrismaClientOptions, 
never, DefaultArgs>, "$on" | "$connect" | "$disconnect" | 
"$use" | "$extends">'. Did you mean 'dailyMeal'?

[7m17[0m       const meal = await tx.daily_meal.findUnique({
[7m  [0m [91m                            ~~~~~~~~~~[0m
[96msrc/orders/orders.service.ts[0m:[93m31[0m:[93m16[0m 
- [91merror[0m[90m TS2551: [0mProperty 'daily_meal' does 
not exist on type 'Omit<PrismaClient<PrismaClientOptions, 
never, DefaultArgs>, "$on" | "$connect" | "$disconnect" | 
"$use" | "$extends">'. Did you mean 'dailyMeal'?

[7m31[0m       await tx.daily_meal.update({
[7m  [0m [91m               ~~~~~~~~~~[0m
[96msrc/orders/orders.service.ts[0m:[93m75[0m:[93m29[0m 
- [91merror[0m[90m TS2551: [0mProperty 'pantry_item' does 
not exist on type 'Omit<PrismaClient<PrismaClientOptions, 
never, DefaultArgs>, "$on" | "$connect" | "$disconnect" | 
"$use" | "$extends">'. Did you mean 'pantryItem'?

[7m75[0m       const item = await 
tx.pantry_item.findUnique({
[7m  [0m [91m                            ~~~~~~~~~~~[0m
[96msrc/orders/orders.service.ts[0m:[93m87[0m:[93m16[0m 
- [91merror[0m[90m TS2551: [0mProperty 'pantry_item' does 
not exist on type 'Omit<PrismaClient<PrismaClientOptions, 
never, DefaultArgs>, "$on" | "$connect" | "$disconnect" | 
"$use" | "$extends">'. Did you mean 'pantryItem'?

[7m87[0m       await tx.pantry_item.update({
[7m  [0m [91m               ~~~~~~~~~~~[0m
[96msrc/pantry/pantry.service.ts[0m:[93m55[0m:[93m9[0m 
- [91merror[0m[90m TS18047: [0m'item' is possibly 'null'.

[7m55[0m     if (item.chef_id !== chefId) {
[7m  [0m [91m        ~~~~[0m
[96msrc/pantry/pantry.service.ts[0m:[93m67[0m:[93m9[0m 
- [91merror[0m[90m TS18047: [0m'item' is possibly 'null'.

[7m67[0m     if (item.chef_id !== chefId) {
[7m  [0m [91m        ~~~~[0m
[96msrc/subscriptions/subscriptions.service.ts[0m:[93m58[0
m:[93m7[0m - [91merror[0m[90m TS2322: [0mType '{ 
chef_id: string; slots_remaining: number; id?: string; 
time_slot: string; capacity: number; created_at?: Date | 
string; plan: 
Prisma.FuelPlanCreateNestedOneWithoutSlotsInput; 
order_items?: 
Prisma.OrderItemCreateNestedManyWithoutFuel_slotInput; }' is 
not assignable to type '(Without<FuelSlotCreateInput, 
FuelSlotUncheckedCreateInput> & FuelSlotUncheckedCreateInput) 
| (Without<...> & FuelSlotCreateInput)'.
  Type '{ chef_id: string; slots_remaining: number; id?: 
string; time_slot: string; capacity: number; created_at?: 
Date | string; plan: 
Prisma.FuelPlanCreateNestedOneWithoutSlotsInput; 
order_items?: 
Prisma.OrderItemCreateNestedManyWithoutFuel_slotInput; }' is 
not assignable to type 'Without<FuelSlotCreateInput, 
FuelSlotUncheckedCreateInput> & FuelSlotUncheckedCreateInput'.
    Type '{ chef_id: string; slots_remaining: number; id?: 
string; time_slot: string; capacity: number; created_at?: 
Date | string; plan: 
Prisma.FuelPlanCreateNestedOneWithoutSlotsInput; 
order_items?: 
Prisma.OrderItemCreateNestedManyWithoutFuel_slotInput; }' is 
not assignable to type 'Without<FuelSlotCreateInput, 
FuelSlotUncheckedCreateInput>'.
      Types of property 'plan' are incompatible.
        Type 'FuelPlanCreateNestedOneWithoutSlotsInput' is 
not assignable to type 'undefined'.

[7m58[0m       data: {
[7m  [0m [91m      ~~~~[0m

  [96mnode_modules/.prisma/client/index.d.ts[0m:[93m8898[0
m:[93m5[0m
    [7m8898[0m     data: XOR<FuelSlotCreateInput, 
FuelSlotUncheckedCreateInput>
    [7m    [0m [96m    ~~~~[0m
    The expected type comes from property 'data' which is 
declared here on type '{ select?: FuelSlotSelect<DefaultArgs> 
| null | undefined; omit?: FuelSlotOmit<DefaultArgs> | null | 
undefined; include?: FuelSlotInclude<...> | ... 1 more ... | 
undefined; data: (Without<...> & 
FuelSlotUncheckedCreateInput) | (Without<...> & 
FuelSlotCreateInput); }'

Found 19 error(s).

